[    2900ms] ReferenceError: __name is not defined
    at https://app.developer-api.foxit.com/reference/tag/webhooks:10:11
    at https://app.developer-api.foxit.com/reference/tag/webhooks:17:11
[    2910ms] [INFO] Slow network is detected. See https://www.chromestatus.com/feature/5636954674692096 for more details. Fallback font will be used while loading: https://fonts.gstatic.com/s/opensans/v13/cJZKeOuBrn4kERxqtaUH3T8E0i7KZn-EPnyo3HZu7kw.woff @ https://app.developer-api.foxit.com/reference/tag/webhooks:17
[    9909ms] [ERROR] Failed to load resource: net::ERR_NAME_NOT_RESOLVED @ https://pagead2.googlesyndication.com/pagead/conversion/1072304130/?random=1787301673967&cv=11&fst=1787301673967&fmt=8&bg=ffffff&guid=ON&async=1&en=conversion&gtm=45be68j0v882138586z871091093za20gzb71091093zd71091093xea&gcs=G100&gcd=13p3pPp2p5l1&dma_cps=-&dma=1&tag_exp=115616986~115938466~115938469~118897920~118897930~119367802~119367810~120315470~120385423&u_w=1440&u_h=1000&url=https%3A%2F%2Fapp.developer-api.foxit.com%2Freference%2Ftag%2Fwebhooks&rcb=15&label=VA88CJSrgc0DEIKgqP8D&frm=0&tiba=Webhooks%20%7C%20eSign%20API%20%7C%20Foxit%20API%20Reference&did=dY2Q2ZW&gdid=dY2Q2ZW&bttype=purchase&value=0&hn=www.googleadservices.com&npa=1&pscdl=denied&uaa=arm&uab=64&uafvl=Not%253DA%253FBrand%3B99.0.0.0%7CGoogle%2520Chrome%3B151.0.7922.173%7CChromium%3B151.0.7922.173&uamb=0&uam=&uap=macOS&uapv=26.5.1&uaw=0&_tu=CA&data=ads_data_redaction%3Dfalse&category=acrcp_v1_512&ept=6:0
[    9910ms] [ERROR] Failed to load resource: net::ERR_NAME_NOT_RESOLVED @ https://pagead2.googlesyndication.com/ccm/collect?rcb=15&frm=0&apvc=0&ae=g&tid=AW-1072304130&dl=https%3A%2F%2Fapp.developer-api.foxit.com%2Freference%2Ftag%2Fwebhooks&scrsrc=www.googletagmanager.com&rnd=1849220951.1787301676&navt=n&npa=1&ep.ads_data_redaction=0&did=dY2Q2ZW&gdid=dY2Q2ZW&_tu=CA&gtm=45be68j0v882138586z871091093za20gzb71091093zd71091093xea&gcs=G100&gcd=13p3pPp2p5l1&dma_cps=-&dma=1&tag_exp=115616986~115938466~115938469~118897920~118897930~119367802~119367810~120315470~120385423&tft=1787301676115&tfd=9640&tids=AW-1072304130&fmt=8:0
[    9911ms] [ERROR] Failed to load resource: net::ERR_NAME_NOT_RESOLVED @ https://pagead2.googlesyndication.com/ccm/collect?rcb=0&frm=0&apvc=1&ae=g&en=page_view&dl=https%3A%2F%2Fapp.developer-api.foxit.com%2Freference%2Ftag%2Fwebhooks&scrsrc=www.googletagmanager.com&rnd=1849220951.1787301676&navt=n&npa=1&ep.ads_data_redaction=0&gdid=dY2Q2ZW&_tu=CA&gtm=45He68j0v71091093za200zd71091093xea&gcs=G100&gcd=13p3p3p2p5l1&dma_cps=-&dma=1&tag_exp=115938466~115938469~118897920~118897930~120315470~120385423&tft=1787301676113&tfd=9637&fmt=8:0
[    9911ms] [ERROR] Failed to load resource: net::ERR_NAME_NOT_RESOLVED @ https://pagead2.googlesyndication.com/ccm/collect?rcb=15&frm=0&apvc=0&tid=AW-1072304130&en=page_view&dl=https%3A%2F%2Fapp.developer-api.foxit.com%2Freference%2Ftag%2Fwebhooks&scrsrc=www.googletagmanager.com&rnd=1849220951.1787301676&navt=n&npa=1&did=dY2Q2ZW&gdid=dY2Q2ZW&_tu=CA&gtm=45be68j0v882138586z871091093za20gzb71091093zd71091093xec&gcs=G100&gcd=13p3pPp2p5l1&dma_cps=-&dma=1&tag_exp=115616986~115938466~115938469~118897920~118897930~119367802~119367810~120315470~120385423&tft=1787301676114&tfd=9639&tids=AW-1072304130&fmt=8:0
[    9911ms] [ERROR] Failed to load resource: net::ERR_NAME_NOT_RESOLVED @ https://pagead2.googlesyndication.com/ccm/collect?rcb=11&frm=0&apvc=0&tid=AW-16450149228&en=page_view&dl=https%3A%2F%2Fapp.developer-api.foxit.com%2Freference%2Ftag%2Fwebhooks&scrsrc=www.googletagmanager.com&rnd=1849220951.1787301676&navt=n&npa=1&did=dY2Q2ZW&gdid=dY2Q2ZW&_tu=CA&gtm=45be68j0v9177709173z871091093za20gzb71091093zd71091093xec&gcs=G100&gcd=13p3p3p2p5l1&dma_cps=-&dma=1&tag_exp=115938466~115938469~118897920~118897930~119367802~119367810~120315470~120385423&tft=1787301676116&tfd=9640&tids=AW-16450149228&fmt=8:0
[    9915ms] [ERROR] Failed to load resource: net::ERR_NAME_NOT_RESOLVED @ https://pagead2.googlesyndication.com/ccm/collect?rcb=0&frm=0&apvc=1&ae=g&en=page_view&dl=https%3A%2F%2Fapp.developer-api.foxit.com%2Freference%2Ftag%2Fwebhooks&scrsrc=www.googletagmanager.com&rnd=1849220951.1787301676&navt=n&npa=1&ep.ads_data_redaction=0&gdid=dY2Q2ZW&_tu=CA&gtm=45He68j0v71091093za200zd71091093xea&gcs=G100&gcd=13p3p3p2p5l1&dma_cps=-&dma=1&tag_exp=115938466~115938469~118897920~118897930~120315470~120385423&tft=1787301676113&tfd=9637&fmt=3:0
[    9915ms] [ERROR] Failed to load resource: net::ERR_NAME_NOT_RESOLVED @ https://pagead2.googlesyndication.com/ccm/collect?rcb=15&frm=0&apvc=0&tid=AW-1072304130&en=page_view&dl=https%3A%2F%2Fapp.developer-api.foxit.com%2Freference%2Ftag%2Fwebhooks&scrsrc=www.googletagmanager.com&rnd=1849220951.1787301676&navt=n&npa=1&did=dY2Q2ZW&gdid=dY2Q2ZW&_tu=CA&gtm=45be68j0v882138586z871091093za20gzb71091093zd71091093xec&gcs=G100&gcd=13p3pPp2p5l1&dma_cps=-&dma=1&tag_exp=115616986~115938466~115938469~118897920~118897930~119367802~119367810~120315470~120385423&tft=1787301676114&tfd=9639&tids=AW-1072304130&fmt=3:0
[    9915ms] [ERROR] Failed to load resource: net::ERR_NAME_NOT_RESOLVED @ https://pagead2.googlesyndication.com/ccm/collect?rcb=15&frm=0&apvc=0&ae=g&tid=AW-1072304130&dl=https%3A%2F%2Fapp.developer-api.foxit.com%2Freference%2Ftag%2Fwebhooks&scrsrc=www.googletagmanager.com&rnd=1849220951.1787301676&navt=n&npa=1&ep.ads_data_redaction=0&did=dY2Q2ZW&gdid=dY2Q2ZW&_tu=CA&gtm=45be68j0v882138586z871091093za20gzb71091093zd71091093xea&gcs=G100&gcd=13p3pPp2p5l1&dma_cps=-&dma=1&tag_exp=115616986~115938466~115938469~118897920~118897930~119367802~119367810~120315470~120385423&tft=1787301676115&tfd=9640&tids=AW-1072304130&fmt=3:0
[    9915ms] [ERROR] Failed to load resource: net::ERR_NAME_NOT_RESOLVED @ https://pagead2.googlesyndication.com/ccm/collect?rcb=11&frm=0&apvc=0&tid=AW-16450149228&en=page_view&dl=https%3A%2F%2Fapp.developer-api.foxit.com%2Freference%2Ftag%2Fwebhooks&scrsrc=www.googletagmanager.com&rnd=1849220951.1787301676&navt=n&npa=1&did=dY2Q2ZW&gdid=dY2Q2ZW&_tu=CA&gtm=45be68j0v9177709173z871091093za20gzb71091093zd71091093xec&gcs=G100&gcd=13p3p3p2p5l1&dma_cps=-&dma=1&tag_exp=115938466~115938469~118897920~118897930~119367802~119367810~120315470~120385423&tft=1787301676116&tfd=9640&tids=AW-16450149228&fmt=3:0
[   12006ms] [LOG] Debugging Google Consent Mode:
 @ https://cdn-cookieyes.com/client_data/666fd302444803b68fe7fd85/banner.js:0
[   12006ms] [LOG] 
	ad_storage:
		Default: denied
		Update: denied


	analytics_storage:
		Default: denied
		Update: granted


	ad_user_data:
		Default: denied
		Update: denied


	ad_personalization:
		Default: denied
		Update: denied


	functionality_storage:
		Default: denied
		Update: denied


	personalization_storage:
		Default: denied
		Update: denied


	security_storage:
		Default: granted
		Update: granted


	Consent mode states were set correctly. @ https://cdn-cookieyes.com/client_data/666fd302444803b68fe7fd85/banner.js:0
